 =====================================================
  PSCAD LINE CONSTANTS PROGRAM OUTPUT FILE (*.out)

  NOTE: This file is auto-generated.  Any manual
        changes will be lost once the Line Constants
        Program is re-run.
 =====================================================

  Display Format: M,N denotes a complex number M + jN


 -----------------------------------------------------
  PHASE DOMAIN DATA @      50.000 Hz:
 -----------------------------------------------------

 SERIES IMPEDANCE MATRIX (Z) [ohms/m]: 
    0.664234459E-04,0.550265204E-03   0.538612607E-04,0.494471738E-03   0.522315744E-04,0.461272744E-03
    0.538612607E-04,0.494471738E-03   0.227206749E-03,0.493925969E-03   0.522315744E-04,0.461272744E-03
    0.522315744E-04,0.461272744E-03   0.522315744E-04,0.461272744E-03   0.126711156E-03,0.452378161E-03

 SHUNT ADMITTANCE MATRIX (Y) [mhos/m]: 
    0.000000000E+00,0.705320625E-07   0.000000000E+00,-.705320625E-07   0.000000000E+00,0.000000000E+00
    0.000000000E+00,-.705320625E-07   0.000000000E+00,0.720468227E-06   0.000000000E+00,-.649936165E-06
    0.000000000E+00,0.000000000E+00   0.000000000E+00,-.649936165E-06   0.000000000E+00,0.113582578E-05

 -----------------------------------------------------
  SEQUENCE COMPONENT DATA @       50.00 Hz:
 -----------------------------------------------------

 SEQUENCE TRANSFORM MATRIX: 
    0.577350269E+00,0.000000000E+00   0.577350269E+00,0.000000000E+00   0.577350269E+00,0.000000000E+00
    0.577350269E+00,0.000000000E+00   -.288675135E+00,-.500000000E+00   -.288675135E+00,0.500000000E+00
    0.577350269E+00,0.000000000E+00   -.288675135E+00,0.500000000E+00   -.288675135E+00,-.500000000E+00

 SEQUENCE IMPEDANCE MATRIX (Zsq) [ohms/m]: 
    0.245663390E-03,0.144353459E-02   -.149960112E-04,0.175651662E-05   -.581510977E-04,0.607185740E-04
    -.581510977E-04,0.607185740E-04   0.873389804E-04,0.265173696E-04   -.445620264E-04,-.134316305E-04
    -.149960112E-04,0.175651662E-05   -.302147688E-04,0.427077273E-04   0.873389804E-04,0.265173696E-04

 SEQUENCE ADMITTANCE MATRIX (Ysq) [mhos/m]: 
    0.000000000E+00,0.161963204E-06   -.140264249E-06,-.809816018E-07   0.140264249E-06,-.809816018E-07
    0.140264249E-06,-.809816018E-07   0.000000000E+00,0.882431431E-06   -.791816909E-07,-.695651735E-06
    -.140264249E-06,-.809816018E-07   0.791816909E-07,-.695651735E-06   0.000000000E+00,0.882431431E-06

 -----------------------------------------------------
  MINIMUM TIME DELAY AND RECOMMENDED TIME STEP
 -----------------------------------------------------
   
   Minimum Time Delay for the Line    [ms]:     0.557228558
   Recommended Time Step for the Line [ms]:     0.055722856
   
