 Line Constants Program for PSCAD X4
 Build: 2016.08.11
 (c)1995-2015 Manitoba HVDC Research Centre
    (a division of Manitoba Hydro International Ltd.)
 
 Reading Data from File 
 C:\Users\t18ma25\PSCAD_Work\PSCAD LCP files\HVDC_cable_LCP.gf42\525Kv_Subsea_Ca
 ble.cli                                                                        
                                           
 ====================================================================
 CURVE FITTING OUTPUT
 ====================================================================
 
 Fitting Characteristic Admittance Yc:
 ====================================================================
 Maximum Fitting Error Requested:                            0.2000 %
 Maximum Number of Poles:                                        20
 
 Yc:          Maximum          Number
              Fitting Error    of Poles
              --------------   --------
                  0.1865 %       14
 
 ====================================================================
 
 Fitting Propagation Function H:
 ====================================================================
 Maximum Fitting Error Requested:                            0.2000 %
 Maximum Number of Poles (per delay group):                      20
 
 --------------------------------------------------------------------
 Attempt #  1                               Target error:   25.0000 %
 --------------------------------------------------------------------
 Hmode:       Delay      Maximum          Number      Time
              Group #    Fitting Error    of Poles    Delay
              -------    -------------    --------    -----
                 1         11.99631 %        2         0.557061 ms
                 2          5.74006 %        2         0.821458 ms
                 3         11.81258 %        1         3.888425 ms
 
 Hphase:      Maximum           Maximum       Maximum
              Fitting Error     RMS Error     Residue/Pole Ratio
              --------------    ----------    ------------------
                 19.7593 %        8.1960 %              1.34
 --------------------------------------------------------------------
 Attempt #  2                               Target error:   12.5000 %
 --------------------------------------------------------------------
 Hmode:       Delay      Maximum          Number      Time
              Group #    Fitting Error    of Poles    Delay
              -------    -------------    --------    -----
                 1         11.99631 %        2         0.557061 ms
                 2          5.74006 %        2         0.821458 ms
                 3         11.81258 %        1         3.888425 ms
 
 Hphase:      Maximum           Maximum       Maximum
              Fitting Error     RMS Error     Residue/Pole Ratio
              --------------    ----------    ------------------
                 19.7593 %        8.1960 %              1.34
 --------------------------------------------------------------------
 Attempt #  3                               Target error:    6.2500 %
 --------------------------------------------------------------------
 Hmode:       Delay      Maximum          Number      Time
              Group #    Fitting Error    of Poles    Delay
              -------    -------------    --------    -----
                 1          3.20010 %        3         0.557938 ms
                 2          5.74006 %        2         0.821458 ms
                 3          4.76804 %        5         3.712311 ms
 
 Hphase:      Maximum           Maximum       Maximum
              Fitting Error     RMS Error     Residue/Pole Ratio
              --------------    ----------    ------------------
                  7.4182 %        2.6017 %              0.61
 --------------------------------------------------------------------
 Attempt #  4                               Target error:    3.1250 %
 --------------------------------------------------------------------
 Hmode:       Delay      Maximum          Number      Time
              Group #    Fitting Error    of Poles    Delay
              -------    -------------    --------    -----
                 1          1.59961 %        4         0.558065 ms
                 2          2.60833 %        4         0.880625 ms
                 3          2.47565 %        6         3.531259 ms
 
 Hphase:      Maximum           Maximum       Maximum
              Fitting Error     RMS Error     Residue/Pole Ratio
              --------------    ----------    ------------------
                  4.7267 %        1.6060 %             16.30
 --------------------------------------------------------------------
 Attempt #  5                               Target error:    1.5625 %
 --------------------------------------------------------------------
 Hmode:       Delay      Maximum          Number      Time
              Group #    Fitting Error    of Poles    Delay
              -------    -------------    --------    -----
                 1          0.22471 %        8         0.557457 ms
                 2          1.55412 %        6         0.901796 ms
                 3          2.19529 %       20         2.839409 ms
 
 Hphase:      Maximum           Maximum       Maximum
              Fitting Error     RMS Error     Residue/Pole Ratio
              --------------    ----------    ------------------
                  0.7786 %        0.3268 %             83.06
 --------------------------------------------------------------------
 Attempt #  6                               Target error:    0.7812 %
 --------------------------------------------------------------------
 Hmode:       Delay      Maximum          Number      Time
              Group #    Fitting Error    of Poles    Delay
              -------    -------------    --------    -----
                 1          0.22471 %        8         0.557457 ms
                 2          1.22696 %       20         0.782665 ms
                 3          2.19529 %       20         2.839409 ms
 
 Hphase:      Maximum           Maximum       Maximum
              Fitting Error     RMS Error     Residue/Pole Ratio
              --------------    ----------    ------------------
                  0.6789 %        0.2077 %            595.91
 --------------------------------------------------------------------
 Attempt #  7                               Target error:    0.3906 %
 --------------------------------------------------------------------
 Hmode:       Delay      Maximum          Number      Time
              Group #    Fitting Error    of Poles    Delay
              -------    -------------    --------    -----
                 1          0.22471 %        8         0.557457 ms
                 2          1.22696 %       20         0.782665 ms
                 3          2.19529 %       20         2.839409 ms
 
 Hphase:      Maximum           Maximum       Maximum
              Fitting Error     RMS Error     Residue/Pole Ratio
              --------------    ----------    ------------------
                  0.6789 %        0.2077 %            595.91
 --------------------------------------------------------------------
 Attempt #  8                               Target error:    0.1953 %
 --------------------------------------------------------------------
 Hmode:       Delay      Maximum          Number      Time
              Group #    Fitting Error    of Poles    Delay
              -------    -------------    --------    -----
                 1          0.18112 %       10         0.557432 ms
                 2          1.22696 %       20         0.782665 ms
                 3          2.19529 %       20         2.839409 ms
 
 Hphase:      Maximum           Maximum       Maximum
              Fitting Error     RMS Error     Residue/Pole Ratio
              --------------    ----------    ------------------
                  0.2340 %        0.0893 %           2383.97
 --------------------------------------------------------------------
 Attempt #  9                               Target error:    0.0977 %
 --------------------------------------------------------------------
 Hmode:       Delay      Maximum          Number      Time
              Group #    Fitting Error    of Poles    Delay
              -------    -------------    --------    -----
                 1          0.01890 %       11         0.557079 ms
                 2          1.22696 %       20         0.782665 ms
                 3          2.19529 %       20         2.839409 ms
 
 Hphase:      Maximum           Maximum       Maximum
              Fitting Error     RMS Error     Residue/Pole Ratio
              --------------    ----------    ------------------
                  0.3033 %        0.1141 %           1853.60
 --------------------------------------------------------------------
 Attempt # 10                               Target error:    0.0488 %
 --------------------------------------------------------------------
 Hmode:       Delay      Maximum          Number      Time
              Group #    Fitting Error    of Poles    Delay
              -------    -------------    --------    -----
                 1          0.01890 %       11         0.557079 ms
                 2          1.22696 %       20         0.782665 ms
                 3          2.19529 %       20         2.839409 ms
 
 Hphase:      Maximum           Maximum       Maximum
              Fitting Error     RMS Error     Residue/Pole Ratio
              --------------    ----------    ------------------
                  0.3033 %        0.1141 %           1853.60
 --------------------------------------------------------------------
 Attempt # 11                               Target error:    0.0244 %
 --------------------------------------------------------------------
 Hmode:       Delay      Maximum          Number      Time
              Group #    Fitting Error    of Poles    Delay
              -------    -------------    --------    -----
                 1          0.01890 %       11         0.557079 ms
                 2          1.22696 %       20         0.782665 ms
                 3          2.19529 %       20         2.839409 ms
 
 Hphase:      Maximum           Maximum       Maximum
              Fitting Error     RMS Error     Residue/Pole Ratio
              --------------    ----------    ------------------
                  0.3033 %        0.1141 %           1853.60
 --------------------------------------------------------------------
 Attempt # 12                               Target error:    0.0122 %
 --------------------------------------------------------------------
 Hmode:       Delay      Maximum          Number      Time
              Group #    Fitting Error    of Poles    Delay
              -------    -------------    --------    -----
                 1          0.00977 %       13         0.557229 ms
                 2          1.22696 %       20         0.782665 ms
                 3          2.19529 %       20         2.839409 ms
 
 Hphase:      Maximum           Maximum       Maximum
              Fitting Error     RMS Error     Residue/Pole Ratio
              --------------    ----------    ------------------
                  0.1805 %        0.0627 %           6231.88
 
 --------------------------------------------------------------------
 ====================================================================
 Line Constants Ending!
 Tline Ending....
0
